---
source: tests/lib.rs
expression: "serde_json::to_string_pretty(&my_schema).unwrap()"
---
{
  "$schema": "https://json-schema.org/draft/2020-12/schema",
  "title": "OkId",
  "description": "[OkId v[VERSION]](https://docs.rs/okid/[VERSION])",
  "type": "string",
  "format": "okid",
  "examples": [
    "2ːb94d27b9934d3e08a52e52d7da7dabfac484efe37a5380ee9088f7ace2efcde9"
  ]
}
